### 2026-08-17T21:50:18+09:00

### uv run apcli list
{
  "datasets": [
    {
      "dataset_id": "procedures-survey-r6",
      "title": "行政手続等の棚卸調査結果",
      "publisher": "デジタル庁 (Digital Agency of Japan)",
      "record_count": 75071,
      "schema_version": "1"
    }
  ],
  "total": 1
}

### uv run apcli query procedures-survey-r6 -q 相続 --limit 5
{
  "total": 1614,
  "next_cursor": "eyJvIjo1LCJ2IjoicHJvY2VkdXJlcy1zdXJ2ZXktcjYifQ",
  "field_metadata": {
    "手続ID": {
      "role": "identifier",
      "type": "string",
      "desc": "手続を一意に識別するID。"
    },
    "所管府省庁": {
      "role": "dimension",
      "type": "string",
      "desc": "手続が規定されている法令（の条文）を所管する府省庁。"
    },
    "手続名": {
      "role": "attribute",
      "type": "string",
      "desc": "手続の名称。"
    },
    "法令名": {
      "role": "dimension",
      "type": "string",
      "desc": "手続の根拠法令の正式名称。"
    },
    "法令番号": {
      "role": "dimension",
      "type": "string",
      "desc": "手続の根拠法令の法令番号。"
    },
    "根拠条項号": {
      "role": "attribute",
      "type": "string",
      "desc": "手続が規定されている条、項、号の番号。複数ある場合は主となる条項号番号のみ。"
    },
    "手続類型": {
      "role": "dimension",
      "type": "string",
      "desc": "手続の類型。申請等、処分通知等（申請に基づく/基づかない）、交付等（民間手続）、縦覧等、作成・保存等に分類。"
    },
    "手続主体": {
      "role": "dimension",
      "type": "string",
      "desc": "手続を行う主体。国、独立行政法人等、地方等、国民等、民間事業者等、及びその組合せから選択。"
    },
    "手続の受け手": {
      "role": "dimension",
      "type": "string",
      "desc": "最終的に手続を受ける者。手続類型が「1 申請等」「2-1〜2-3」の手続が対象。国、独立行政法人等、地方等、国民等、民間事業者等、及びその組合せから選択。"
    },
    "経由機関": {
      "role": "attribute",
      "type": "string",
      "desc": "手続実施に際し、法令の規定に基づき特定の機関を経由する必要がある場合の経由機関の種別。"
    },
    "独立行政法人等の名称": {
      "role": "attribute",
      "type": "string",
      "desc": "独立行政法人等の名称。手続主体・受け手・経由機関に独立行政法人等が含まれる場合に記載。全ての独立行政法人等が対象の場合は「全独立行政法人等」。"
    },
    "事務区分": {
      "role": "dimension",
      "type": "string",
      "desc": "手続を地方公共団体が行う場合の事務の区分。手続主体または受け手が「地方等」を含む手続が対象。"
    },
    "府省共通手続": {
      "role": "dimension",
      "type": "string",
      "desc": "府省共通手続かどうか。○＝全府省共通、●＝一部の府省で共通、×＝非共通。"
    },
    "実施府省庁": {
      "role": "attribute",
      "type": "string",
      "multi_value": true,
      "desc": "手続を実施する府省。府省共通手続の場合、回答のあった実施府省庁を全て記載。フェーズ2調査項目。"
    },
    "オンライン化の実施状況": {
      "role": "dimension",
      "type": "string",
      "desc": "手続のオンライン実施状況。府省共通手続において一部の実施府省庁がオンライン化実施済の場合「5 一部実施済」。フェーズ2調査項目。"
    },
    "オンライン化の実施予定及び検討時の懸念点": {
      "role": "attribute",
      "type": "string",
      "multi_value": true,
      "desc": "オンライン化の実施予定及び検討時の懸念点。フェーズ2調査項目。府省共通手続の場合、実施府省庁の回答を全て並べている。"
    },
    "オンライン化実施時期": {
      "role": "attribute",
      "type": "string",
      "desc": "オンライン化の実施予定年度。懸念点が「0 オンライン化実施予定」の手続が対象。府省共通手続で実施時期が異なる場合、最も近い年度を選択の上「以降」を追記。"
    },
    "申請等における本人確認手法": {
      "role": "attribute",
      "type": "string",
      "multi_value": true,
      "desc": "申請等における本人確認手法（複数選択可）。手続類型が「1 申請等」かつオンライン化が「2 未実施」「3 適用除外」「4 その他」の手続が対象。"
    },
    "手数料等の納付有無": {
      "role": "attribute",
      "type": "string",
      "desc": "手続実施に必要な手数料等の有無。手続類型が「1 申請等」の手続が対象。"
    },
    "手数料等の納付方法": {
      "role": "attribute",
      "type": "string",
      "multi_value": true,
      "desc": "手数料等の納付方法（オフライン5種・オンライン6種から全て選択）。手続類型が「1 申請等」かつ「2 手数料等有り」の手続が対象。"
    },
    "手数料等のオンライン納付時の優遇措置": {
      "role": "attribute",
      "type": "string",
      "desc": "オンラインで手続を行う場合の手数料等の減免措置の有無。手数料等有りかつオンラインでの納付方法を選択した手続が対象。"
    },
    "処理期間(オンライン)": {
      "role": "attribute",
      "type": "string",
      "desc": "オンラインで行う場合の標準的な処理期間。手続類型が「1 申請等」かつオンライン化が「1 実施済」の手続が対象。府省共通手続の場合、実施府省庁の回答範囲を記載。"
    },
    "処理期間(非オンライン)": {
      "role": "attribute",
      "type": "string",
      "desc": "非オンラインで行う場合の標準的な処理期間。手続類型が「1 申請等」の手続が対象。府省共通手続の場合、実施府省庁の回答範囲を記載。"
    },
    "情報システム(申請)": {
      "role": "dimension",
      "type": "string",
      "desc": "手続主体から受け手に対する申請等に係るシステム名（申請システム、受付システム等）。手続類型が「1 申請等」かつオンライン化が「1 実施済」もしくは懸念点が「0 オンライン化実施予定」の手続が対象。"
    },
    "情報システム(事務処理)": {
      "role": "dimension",
      "type": "string",
      "desc": "申請等を受けた後の事務処理に係るシステム名。府省共通手続の場合、実施府省庁の回答を全て並べている。"
    },
    "総手続件数": {
      "role": "measure",
      "type": "integer",
      "desc": "令和5年度の年間の全手続件数。原則有効数字2桁以上、一部試算値を含む。地方等が実施する手続はサンプル自治体からの試算値。"
    },
    "オンライン手続件数": {
      "role": "measure",
      "type": "integer",
      "desc": "令和5年度のオンラインで手続を実施した件数。オンライン化が「1 実施済」の手続が対象。件数は原則有効数字2桁以上、一部試算値を含む。"
    },
    "非オンライン手続件数": {
      "role": "measure",
      "type": "integer",
      "desc": "令和5年度のオンライン以外の方法で手続を行った件数。件数は原則有効数字2桁以上、一部試算値を含む。"
    },
    "申請書等に記載させる情報": {
      "role": "attribute",
      "type": "string",
      "multi_value": true,
      "desc": "申請書等の記入に際し、入力が必須となる典型的な項目（複数選択可）。マイナンバー、法人番号、各種保険番号、住所、資本金等。手続類型が「1 申請等」の手続が対象。"
    },
    "申請時に添付させる書類": {
      "role": "attribute",
      "type": "string",
      "multi_value": true,
      "desc": "申請時に提出が必須となる典型的な書類（複数選択可）。住民票、戸籍、登記事項証明書、印鑑登録証明書、所得証明書等。手続類型が「1 申請等」の手続が対象。"
    },
    "添付書類等提出の撤廃/省略状況": {
      "role": "attribute",
      "type": "string",
      "desc": "添付書類等の提出に係る撤廃/省略の状況。手続類型が「1 申請等」かつ添付書類の選択がある手続が対象。"
    },
    "添付書類等の提出方法": {
      "role": "attribute",
      "type": "string",
      "multi_value": true,
      "desc": "添付書類等の提出方法（電子のみ、原紙のみ、選択可能等）。撤廃/省略状況が「2〜4」の手続が対象。"
    },
    "添付書類等への電子署名": {
      "role": "attribute",
      "type": "string",
      "desc": "添付書類等の提出に際し電子署名が必要かどうか。提出方法が「1 電子での提出のみ」の手続が対象。"
    },
    "添付形式等が定められた規定": {
      "role": "attribute",
      "type": "string",
      "desc": "添付書類等の提出方法及び添付形式等が規定されている文書の種類。撤廃/省略状況が「2〜4」の手続が対象。"
    },
    "手続が行われるイベント(個人)": {
      "role": "attribute",
      "type": "string",
      "multi_value": true,
      "desc": "個人のライフイベント（複数選択可）。妊娠、出生・こども、引越し、就職・転職、結婚・離婚、医療・健康、税金、年金の受給、死亡・相続等。"
    },
    "手続が行われるイベント(法人)": {
      "role": "attribute",
      "type": "string",
      "multi_value": true,
      "desc": "法人のライフイベント（複数選択可）。法人の設立、情報変更・役員変更、職員の採用・退職、入札・契約、事務所の新設・移転、法人の合併・分割等。"
    },
    "申請に関連する士業": {
      "role": "attribute",
      "type": "string",
      "multi_value": true,
      "desc": "代理で申請等が可能な士業（複数選択可）。弁護士、司法書士、行政書士、税理士、社会保険労務士等。手続類型が「1 申請等」の手続が対象。"
    },
    "申請を提出する機関": {
      "role": "attribute",
      "type": "string",
      "multi_value": true,
      "desc": "申請の提出先機関。手続類型が「1 申請等」かつ受け手が「1 国」〜「4-4 国、独立行政法人等又は地方等」の手続が対象。（受け手が独立行政法人等の場合は対象外）"
    },
    "オンライン率": {
      "role": "measure",
      "type": "float",
      "desc": "オンライン化実施済の手続種類数 / 全手続種類数"
    }
  },
  "provenance": {
    "dataset_title": "行政手続等の棚卸調査結果",
    "published_at": "2025-07-24",
    "fetched_at": "2026-08-17",
    "source_url": "https://www.digital.go.jp/resources/procedures-survey-results",
    "publisher": "デジタル庁 (Digital Agency of Japan)"
  },
  "query_params": {
    "q": "相続",
    "limit": 5
  },
  "notes": {
    "総手続件数": [
      "件数は有効数字2桁以上の概数であり、一部試算値を含む。",
      "地方等が実施する手続はサンプル自治体からの試算値を含む。"
    ],
    "オンライン手続件数": [
      "null（欠損）は「件数不明」を意味する。0 は基本的に「オンライン手続なし」だが、地方等で件数集計が困難な一部の手続では 0 と記録されている場合がある。",
      "件数は有効数字1〜2桁程度の概数であり、一部試算値を含む。"
    ],
    "非オンライン手続件数": [
      "件数は有効数字1〜2桁程度の概数であり、一部試算値を含む。"
    ]
  },
  "columns": [
    "手続ID",
    "所管府省庁",
    "手続名",
    "法令名",
    "法令番号",
    "根拠条項号",
    "手続類型",
    "手続主体",
    "手続の受け手",
    "府省共通手続",
    "実施府省庁",
    "オンライン化の実施状況",
    "手数料等の納付有無",
    "処理期間(オンライン)",
    "処理期間(非オンライン)",
    "情報システム(申請)",
    "情報システム(事務処理)",
    "総手続件数",
    "オンライン手続件数",
    "非オンライン手続件数",
    "申請書等に記載させる情報",
    "申請時に添付させる書類",
    "添付書類等提出の撤廃/省略状況",
    "添付書類等の提出方法",
    "添付書類等への電子署名",
    "添付形式等が定められた規定",
    "手続が行われるイベント(個人)",
    "申請に関連する士業",
    "申請を提出する機関"
  ],
  "rows": [
    [
      "277",
      "人事院",
      "書面及び証拠書類の提出",
      "人事院規則一三―三（災害補償の実施に関する審査の申立て等）",
      "昭和五十一年人事院規則一三―三",
      "第18条",
      "1 申請等",
      "5 国民等",
      "1 国",
      "×（府省共通手続でない）",
      "人事院",
      "1 実施済",
      "1 手数料等無し",
      "届出のため、応答なし",
      "届出のため、応答なし",
      "電子メール",
      "電子メール",
      1,
      0,
      1,
      "その他の情報",
      "添付書類なし",
      null,
      null,
      null,
      null,
      "医療・健康; 死亡・相続",
      "弁護士; 行政書士; 社会保険労務士",
      "本府省庁"
    ],
    [
      "279",
      "人事院",
      "災害補償審査申立てにおける証拠書類等の提出",
      "人事院規則一三―三（災害補償の実施に関する審査の申立て等）",
      "昭和五十一年人事院規則一三―三",
      "第30条",
      "2-2 申請等に基づかない処分通知等",
      "1 国",
      "5 国民等",
      "×（府省共通手続でない）",
      "人事院",
      "1 実施済",
      null,
      null,
      null,
      null,
      "電子メール",
      1,
      0,
      1,
      null,
      null,
      null,
      null,
      null,
      null,
      "医療・健康; 死亡・相続",
      null,
      null
    ],
    [
      "757",
      "人事院",
      "手続の承継に係る届出",
      "人事院規則一三―一（不利益処分についての審査請求）",
      null,
      "第10条第2項",
      "1 申請等",
      "5 国民等",
      "1 国",
      "×（府省共通手続でない）",
      "人事院",
      "1 実施済",
      "1 手数料等無し",
      "届出のため、応答なし",
      "届出のため、応答なし",
      "電子メール",
      "電子メール",
      0,
      0,
      0,
      "その他の情報",
      "その他の添付書類",
      "3 撤廃・省略不可",
      "3 一部電子、一部原紙での提出",
      "1 電子署名は必要ない",
      "1 法令の規定",
      "医療・健康; 死亡・相続",
      "士業が介在しない",
      "本府省庁"
    ],
    [
      "771",
      "人事院",
      "災害補償審査申立てにおける審査申立書の提出",
      "人事院規則一三―三（災害補償の実施に関する審査の申立て等）",
      "昭和五十一年人事院規則一三―三",
      "第8条",
      "1 申請等",
      "5 国民等",
      "1 国",
      "×（府省共通手続でない）",
      "人事院",
      "1 実施済",
      "1 手数料等無し",
      "1月",
      "1月",
      "電子メール",
      "電子メール",
      6,
      1,
      5,
      "その他の情報",
      "添付書類なし",
      null,
      null,
      null,
      null,
      "医療・健康; 死亡・相続",
      "弁護士; 行政書士; 社会保険労務士",
      "本府省庁"
    ],
    [
      "772",
      "人事院",
      "災害補償審査申立て等における代理人の資格の証明の届出",
      "人事院規則一三―三（災害補償の実施に関する審査の申立て等）",
      "昭和五十一年人事院規則一三―三",
      "第10条第1項",
      "1 申請等",
      "5 国民等",
      "1 国",
      "×（府省共通手続でない）",
      "人事院",
      "1 実施済",
      "1 手数料等無し",
      "届出のため、応答なし",
      "届出のため、応答なし",
      "電子メール",
      "電子メール",
      0,
      0,
      0,
      "その他の情報",
      "添付書類なし",
      null,
      null,
      null,
      null,
      "医療・健康; 死亡・相続",
      "弁護士; 行政書士; 社会保険労務士",
      "本府省庁"
    ]
  ]
}

### uv run apcli summarize procedures-survey-r6 -g 所管府省庁 -m count
{
  "total_group_count": 25,
  "field_metadata": {
    "手続ID": {
      "role": "identifier",
      "type": "string",
      "desc": "手続を一意に識別するID。"
    },
    "所管府省庁": {
      "role": "dimension",
      "type": "string",
      "desc": "手続が規定されている法令（の条文）を所管する府省庁。"
    },
    "手続名": {
      "role": "attribute",
      "type": "string",
      "desc": "手続の名称。"
    },
    "法令名": {
      "role": "dimension",
      "type": "string",
      "desc": "手続の根拠法令の正式名称。"
    },
    "法令番号": {
      "role": "dimension",
      "type": "string",
      "desc": "手続の根拠法令の法令番号。"
    },
    "根拠条項号": {
      "role": "attribute",
      "type": "string",
      "desc": "手続が規定されている条、項、号の番号。複数ある場合は主となる条項号番号のみ。"
    },
    "手続類型": {
      "role": "dimension",
      "type": "string",
      "desc": "手続の類型。申請等、処分通知等（申請に基づく/基づかない）、交付等（民間手続）、縦覧等、作成・保存等に分類。"
    },
    "手続主体": {
      "role": "dimension",
      "type": "string",
      "desc": "手続を行う主体。国、独立行政法人等、地方等、国民等、民間事業者等、及びその組合せから選択。"
    },
    "手続の受け手": {
      "role": "dimension",
      "type": "string",
      "desc": "最終的に手続を受ける者。手続類型が「1 申請等」「2-1〜2-3」の手続が対象。国、独立行政法人等、地方等、国民等、民間事業者等、及びその組合せから選択。"
    },
    "経由機関": {
      "role": "attribute",
      "type": "string",
      "desc": "手続実施に際し、法令の規定に基づき特定の機関を経由する必要がある場合の経由機関の種別。"
    },
    "独立行政法人等の名称": {
      "role": "attribute",
      "type": "string",
      "desc": "独立行政法人等の名称。手続主体・受け手・経由機関に独立行政法人等が含まれる場合に記載。全ての独立行政法人等が対象の場合は「全独立行政法人等」。"
    },
    "事務区分": {
      "role": "dimension",
      "type": "string",
      "desc": "手続を地方公共団体が行う場合の事務の区分。手続主体または受け手が「地方等」を含む手続が対象。"
    },
    "府省共通手続": {
      "role": "dimension",
      "type": "string",
      "desc": "府省共通手続かどうか。○＝全府省共通、●＝一部の府省で共通、×＝非共通。"
    },
    "実施府省庁": {
      "role": "attribute",
      "type": "string",
      "multi_value": true,
      "desc": "手続を実施する府省。府省共通手続の場合、回答のあった実施府省庁を全て記載。フェーズ2調査項目。"
    },
    "オンライン化の実施状況": {
      "role": "dimension",
      "type": "string",
      "desc": "手続のオンライン実施状況。府省共通手続において一部の実施府省庁がオンライン化実施済の場合「5 一部実施済」。フェーズ2調査項目。"
    },
    "オンライン化の実施予定及び検討時の懸念点": {
      "role": "attribute",
      "type": "string",
      "multi_value": true,
      "desc": "オンライン化の実施予定及び検討時の懸念点。フェーズ2調査項目。府省共通手続の場合、実施府省庁の回答を全て並べている。"
    },
    "オンライン化実施時期": {
      "role": "attribute",
      "type": "string",
      "desc": "オンライン化の実施予定年度。懸念点が「0 オンライン化実施予定」の手続が対象。府省共通手続で実施時期が異なる場合、最も近い年度を選択の上「以降」を追記。"
    },
    "申請等における本人確認手法": {
      "role": "attribute",
      "type": "string",
      "multi_value": true,
      "desc": "申請等における本人確認手法（複数選択可）。手続類型が「1 申請等」かつオンライン化が「2 未実施」「3 適用除外」「4 その他」の手続が対象。"
    },
    "手数料等の納付有無": {
      "role": "attribute",
      "type": "string",
      "desc": "手続実施に必要な手数料等の有無。手続類型が「1 申請等」の手続が対象。"
    },
    "手数料等の納付方法": {
      "role": "attribute",
      "type": "string",
      "multi_value": true,
      "desc": "手数料等の納付方法（オフライン5種・オンライン6種から全て選択）。手続類型が「1 申請等」かつ「2 手数料等有り」の手続が対象。"
    },
    "手数料等のオンライン納付時の優遇措置": {
      "role": "attribute",
      "type": "string",
      "desc": "オンラインで手続を行う場合の手数料等の減免措置の有無。手数料等有りかつオンラインでの納付方法を選択した手続が対象。"
    },
    "処理期間(オンライン)": {
      "role": "attribute",
      "type": "string",
      "desc": "オンラインで行う場合の標準的な処理期間。手続類型が「1 申請等」かつオンライン化が「1 実施済」の手続が対象。府省共通手続の場合、実施府省庁の回答範囲を記載。"
    },
    "処理期間(非オンライン)": {
      "role": "attribute",
      "type": "string",
      "desc": "非オンラインで行う場合の標準的な処理期間。手続類型が「1 申請等」の手続が対象。府省共通手続の場合、実施府省庁の回答範囲を記載。"
    },
    "情報システム(申請)": {
      "role": "dimension",
      "type": "string",
      "desc": "手続主体から受け手に対する申請等に係るシステム名（申請システム、受付システム等）。手続類型が「1 申請等」かつオンライン化が「1 実施済」もしくは懸念点が「0 オンライン化実施予定」の手続が対象。"
    },
    "情報システム(事務処理)": {
      "role": "dimension",
      "type": "string",
      "desc": "申請等を受けた後の事務処理に係るシステム名。府省共通手続の場合、実施府省庁の回答を全て並べている。"
    },
    "総手続件数": {
      "role": "measure",
      "type": "integer",
      "desc": "令和5年度の年間の全手続件数。原則有効数字2桁以上、一部試算値を含む。地方等が実施する手続はサンプル自治体からの試算値。"
    },
    "オンライン手続件数": {
      "role": "measure",
      "type": "integer",
      "desc": "令和5年度のオンラインで手続を実施した件数。オンライン化が「1 実施済」の手続が対象。件数は原則有効数字2桁以上、一部試算値を含む。"
    },
    "非オンライン手続件数": {
      "role": "measure",
      "type": "integer",
      "desc": "令和5年度のオンライン以外の方法で手続を行った件数。件数は原則有効数字2桁以上、一部試算値を含む。"
    },
    "申請書等に記載させる情報": {
      "role": "attribute",
      "type": "string",
      "multi_value": true,
      "desc": "申請書等の記入に際し、入力が必須となる典型的な項目（複数選択可）。マイナンバー、法人番号、各種保険番号、住所、資本金等。手続類型が「1 申請等」の手続が対象。"
    },
    "申請時に添付させる書類": {
      "role": "attribute",
      "type": "string",
      "multi_value": true,
      "desc": "申請時に提出が必須となる典型的な書類（複数選択可）。住民票、戸籍、登記事項証明書、印鑑登録証明書、所得証明書等。手続類型が「1 申請等」の手続が対象。"
    },
    "添付書類等提出の撤廃/省略状況": {
      "role": "attribute",
      "type": "string",
      "desc": "添付書類等の提出に係る撤廃/省略の状況。手続類型が「1 申請等」かつ添付書類の選択がある手続が対象。"
    },
    "添付書類等の提出方法": {
      "role": "attribute",
      "type": "string",
      "multi_value": true,
      "desc": "添付書類等の提出方法（電子のみ、原紙のみ、選択可能等）。撤廃/省略状況が「2〜4」の手続が対象。"
    },
    "添付書類等への電子署名": {
      "role": "attribute",
      "type": "string",
      "desc": "添付書類等の提出に際し電子署名が必要かどうか。提出方法が「1 電子での提出のみ」の手続が対象。"
    },
    "添付形式等が定められた規定": {
      "role": "attribute",
      "type": "string",
      "desc": "添付書類等の提出方法及び添付形式等が規定されている文書の種類。撤廃/省略状況が「2〜4」の手続が対象。"
    },
    "手続が行われるイベント(個人)": {
      "role": "attribute",
      "type": "string",
      "multi_value": true,
      "desc": "個人のライフイベント（複数選択可）。妊娠、出生・こども、引越し、就職・転職、結婚・離婚、医療・健康、税金、年金の受給、死亡・相続等。"
    },
    "手続が行われるイベント(法人)": {
      "role": "attribute",
      "type": "string",
      "multi_value": true,
      "desc": "法人のライフイベント（複数選択可）。法人の設立、情報変更・役員変更、職員の採用・退職、入札・契約、事務所の新設・移転、法人の合併・分割等。"
    },
    "申請に関連する士業": {
      "role": "attribute",
      "type": "string",
      "multi_value": true,
      "desc": "代理で申請等が可能な士業（複数選択可）。弁護士、司法書士、行政書士、税理士、社会保険労務士等。手続類型が「1 申請等」の手続が対象。"
    },
    "申請を提出する機関": {
      "role": "attribute",
      "type": "string",
      "multi_value": true,
      "desc": "申請の提出先機関。手続類型が「1 申請等」かつ受け手が「1 国」〜「4-4 国、独立行政法人等又は地方等」の手続が対象。（受け手が独立行政法人等の場合は対象外）"
    },
    "オンライン率": {
      "role": "measure",
      "type": "float",
      "desc": "オンライン化実施済の手続種類数 / 全手続種類数"
    }
  },
  "provenance": {
    "dataset_title": "行政手続等の棚卸調査結果",
    "published_at": "2025-07-24",
    "fetched_at": "2026-08-17",
    "source_url": "https://www.digital.go.jp/resources/procedures-survey-results",
    "publisher": "デジタル庁 (Digital Agency of Japan)"
  },
  "query_params": {
    "group_by": [
      "所管府省庁"
    ]
  },
  "columns": [
    "所管府省庁",
    "count"
  ],
  "rows": [
    [
      "国土交通省",
      13645
    ],
    [
      "厚生労働省",
      10504
    ],
    [
      "経済産業省",
      8577
    ],
    [
      "農林水産省",
      8526
    ],
    [
      "財務省",
      7003
    ],
    [
      "金融庁",
      6112
    ],
    [
      "総務省",
      6023
    ],
    [
      "環境省",
      4054
    ],
    [
      "国家公安委員会・警察庁",
      2010
    ],
    [
      "内閣府",
      1755
    ],
    [
      "文部科学省",
      1375
    ],
    [
      "法務省",
      1236
    ],
    [
      "人事院",
      853
    ],
    [
      "こども家庭庁",
      686
    ],
    [
      "カジノ管理委員会",
      661
    ],
    [
      "防衛省",
      536
    ],
    [
      "消費者庁",
      359
    ],
    [
      "公正取引委員会",
      321
    ],
    [
      "デジタル庁",
      295
    ],
    [
      "復興庁",
      257
    ],
    [
      "外務省",
      124
    ],
    [
      "個人情報保護委員会",
      81
    ],
    [
      "会計検査院",
      54
    ],
    [
      "内閣官房",
      22
    ],
    [
      "宮内庁",
      2
    ]
  ]
}
