### 2026-08-17T21:50:52+09:00
### uv run apcli inspect procedures-survey-r6
{
  "title": "行政手続等の棚卸調査結果",
  "record_count": 75071,
  "schema_version": "1",
  "columns": [
    "id",
    "role",
    "desc",
    "fill_rate",
    "groupable",
    "codelist",
    "multi_value",
    "type",
    "aggregatable"
  ],
  "rows": [
    [
      "手続ID",
      "id",
      "手続を一意に識別するID。",
      1.0
    ],
    [
      "所管府省庁",
      "dim",
      "手続が規定されている法令（の条文）を所管する府省庁。",
      1.0,
      1
    ],
    [
      "手続名",
      "attr",
      "手続の名称。",
      1.0,
      1
    ],
    [
      "法令名",
      "dim",
      "手続の根拠法令の正式名称。",
      1.0,
      1
    ],
    [
      "法令番号",
      "dim",
      "手続の根拠法令の法令番号。",
      0.9987,
      1
    ],
    [
      "根拠条項号",
      "attr",
      "手続が規定されている条、項、号の番号。複数ある場合は主となる条項号番号のみ。",
      0.9998,
      1
    ],
    [
      "手続類型",
      "dim",
      "手続の類型。申請等、処分通知等（申請に基づく/基づかない）、交付等（民間手続）、縦覧等、作成・保存等に分類。",
      1.0,
      1,
      [
        "1 申請等",
        "2-1 申請等に基づく処分通知等",
        "2-2 申請等に基づかない処分通知等",
        "2-3 交付等（民間手続）",
        "3 縦覧等",
        "4 作成・保存等"
      ]
    ],
    [
      "手続主体",
      "dim",
      "手続を行う主体。国、独立行政法人等、地方等、国民等、民間事業者等、及びその組合せから選択。",
      0.9999,
      1,
      [
        "1 国",
        "2 独立行政法人等",
        "3 地方等",
        "4-1 国又は独立行政法人等",
        "4-2 独立行政法人等又は地方等",
        "4-3 国又は地方等",
        "4-4 国、独立行政法人等又は地方等",
        "5 国民等",
        "6 民間事業者等",
        "7 国民等、民間事業者等"
      ]
    ],
    [
      "手続の受け手",
      "dim",
      "最終的に手続を受ける者。手続類型が「1 申請等」「2-1〜2-3」の手続が対象。国、独立行政法人等、地方等、国民等、民間事業者等、及びその組合せから選択。",
      0.8902,
      1,
      [
        "1 国",
        "2 独立行政法人等",
        "3 地方等",
        "4-1 国又は独立行政法人等",
        "4-2 独立行政法人等又は地方等",
        "4-3 国又は地方等",
        "4-4 国、独立行政法人等又は地方等",
        "5 国民等",
        "6 民間事業者等",
        "7 国民等、民間事業者等"
      ]
    ],
    [
      "経由機関",
      "attr",
      "手続実施に際し、法令の規定に基づき特定の機関を経由する必要がある場合の経由機関の種別。",
      0.0341,
      1,
      [
        "1 国",
        "2 独立行政法人等",
        "3 地方等",
        "4-1 国又は独立行政法人等",
        "4-2 独立行政法人等又は地方等",
        "4-3 国又は地方等",
        "4-4 国、独立行政法人等又は地方等",
        "5 国民等",
        "6 民間事業者等",
        "7 国民等、民間事業者等"
      ]
    ],
    [
      "独立行政法人等の名称",
      "attr",
      "独立行政法人等の名称。手続主体・受け手・経由機関に独立行政法人等が含まれる場合に記載。全ての独立行政法人等が対象の場合は「全独立行政法人等」。",
      0.1474,
      1
    ],
    [
      "事務区分",
      "dim",
      "手続を地方公共団体が行う場合の事務の区分。手続主体または受け手が「地方等」を含む手続が対象。",
      0.2812,
      1,
      [
        "1 自治事務",
        "2 第1号法定受託事務",
        "3 第2号法定受託事務",
        "4 地方の事務でない"
      ]
    ],
    [
      "府省共通手続",
      "dim",
      "府省共通手続かどうか。○＝全府省共通、●＝一部の府省で共通、×＝非共通。",
      1.0,
      1
    ],
    [
      "実施府省庁",
      "attr",
      "手続を実施する府省。府省共通手続の場合、回答のあった実施府省庁を全て記載。フェーズ2調査項目。",
      1.0,
      1,
      null,
      1
    ],
    [
      "オンライン化の実施状況",
      "dim",
      "手続のオンライン実施状況。府省共通手続において一部の実施府省庁がオンライン化実施済の場合「5 一部実施済」。フェーズ2調査項目。",
      1.0,
      1,
      [
        "1 実施済",
        "2 未実施",
        "3 適用除外",
        "4 その他",
        "5 一部実施済"
      ]
    ],
    [
      "オンライン化の実施予定及び検討時の懸念点",
      "attr",
      "オンライン化の実施予定及び検討時の懸念点。フェーズ2調査項目。府省共通手続の場合、実施府省庁の回答を全て並べている。",
      0.5084,
      1,
      [
        "0 オンライン化実施予定",
        "1 制度改正が必要であり、制度改正のための時間確保が困難",
        "2 制度改正が必要であり、制度改正の業務上の優先順位が高くない",
        "3 電子化に必要なシステムが省庁内に備わっていない",
        "4 一部の必要書類の原本が紙であり、電子化してもオンライン処理が完結しない",
        "5 性質上、電子化すべきでない",
        "6 オンライン化の費用対効果が小さい又は不明",
        "7 上記に該当しない"
      ],
      1
    ],
    [
      "オンライン化実施時期",
      "attr",
      "オンライン化の実施予定年度。懸念点が「0 オンライン化実施予定」の手続が対象。府省共通手続で実施時期が異なる場合、最も近い年度を選択の上「以降」を追記。",
      0.0547,
      1,
      [
        "1 2024年度",
        "2 2025年度",
        "3 2026年度",
        "4 2027年度",
        "5 2028年度",
        "6 2029年度",
        "7 2030年度以降"
      ]
    ],
    [
      "申請等における本人確認手法",
      "attr",
      "申請等における本人確認手法（複数選択可）。手続類型が「1 申請等」かつオンライン化が「2 未実施」「3 適用除外」「4 その他」の手続が対象。",
      0.164,
      1,
      null,
      1
    ],
    [
      "手数料等の納付有無",
      "attr",
      "手続実施に必要な手数料等の有無。手続類型が「1 申請等」の手続が対象。",
      0.4821,
      1,
      [
        "1 手数料等無し",
        "2 手数料等有り"
      ]
    ],
    [
      "手数料等の納付方法",
      "attr",
      "手数料等の納付方法（オフライン5種・オンライン6種から全て選択）。手続類型が「1 申請等」かつ「2 手数料等有り」の手続が対象。",
      0.0486,
      1,
      null,
      1
    ],
    [
      "手数料等のオンライン納付時の優遇措置",
      "attr",
      "オンラインで手続を行う場合の手数料等の減免措置の有無。手数料等有りかつオンラインでの納付方法を選択した手続が対象。",
      0.0148,
      1,
      [
        "1 減免措置有り",
        "2 減免措置無し"
      ]
    ],
    [
      "処理期間(オンライン)",
      "attr",
      "オンラインで行う場合の標準的な処理期間。手続類型が「1 申請等」かつオンライン化が「1 実施済」の手続が対象。府省共通手続の場合、実施府省庁の回答範囲を記載。",
      0.2714,
      1
    ],
    [
      "処理期間(非オンライン)",
      "attr",
      "非オンラインで行う場合の標準的な処理期間。手続類型が「1 申請等」の手続が対象。府省共通手続の場合、実施府省庁の回答範囲を記載。",
      0.3888,
      1
    ],
    [
      "情報システム(申請)",
      "dim",
      "手続主体から受け手に対する申請等に係るシステム名（申請システム、受付システム等）。手続類型が「1 申請等」かつオンライン化が「1 実施済」もしくは懸念点が「0 オンライン化実施予定」の手続が対象。",
      0.3238,
      1
    ],
    [
      "情報システム(事務処理)",
      "dim",
      "申請等を受けた後の事務処理に係るシステム名。府省共通手続の場合、実施府省庁の回答を全て並べている。",
      0.3854,
      1
    ],
    [
      "総手続件数",
      "measure",
      "令和5年度の年間の全手続件数。原則有効数字2桁以上、一部試算値を含む。地方等が実施する手続はサンプル自治体からの試算値。",
      0.6713,
      null,
      null,
      null,
      "integer",
      1
    ],
    [
      "オンライン手続件数",
      "measure",
      "令和5年度のオンラインで手続を実施した件数。オンライン化が「1 実施済」の手続が対象。件数は原則有効数字2桁以上、一部試算値を含む。",
      0.439,
      null,
      null,
      null,
      "integer",
      1
    ],
    [
      "非オンライン手続件数",
      "measure",
      "令和5年度のオンライン以外の方法で手続を行った件数。件数は原則有効数字2桁以上、一部試算値を含む。",
      0.6663,
      null,
      null,
      null,
      "integer",
      1
    ],
    [
      "申請書等に記載させる情報",
      "attr",
      "申請書等の記入に際し、入力が必須となる典型的な項目（複数選択可）。マイナンバー、法人番号、各種保険番号、住所、資本金等。手続類型が「1 申請等」の手続が対象。",
      0.4774,
      1,
      null,
      1
    ],
    [
      "申請時に添付させる書類",
      "attr",
      "申請時に提出が必須となる典型的な書類（複数選択可）。住民票、戸籍、登記事項証明書、印鑑登録証明書、所得証明書等。手続類型が「1 申請等」の手続が対象。",
      0.4773,
      1,
      null,
      1
    ],
    [
      "添付書類等提出の撤廃/省略状況",
      "attr",
      "添付書類等の提出に係る撤廃/省略の状況。手続類型が「1 申請等」かつ添付書類の選択がある手続が対象。",
      0.2957,
      1,
      [
        "1 撤廃・省略済",
        "2 撤廃・省略予定",
        "3 撤廃・省略不可",
        "4 その他"
      ]
    ],
    [
      "添付書類等の提出方法",
      "attr",
      "添付書類等の提出方法（電子のみ、原紙のみ、選択可能等）。撤廃/省略状況が「2〜4」の手続が対象。",
      0.292,
      1,
      [
        "0 電子・原紙を選択可能",
        "1 電子での提出のみ",
        "2 原紙での提出のみ",
        "3 一部電子、一部原紙での提出",
        "4 その他"
      ],
      1
    ],
    [
      "添付書類等への電子署名",
      "attr",
      "添付書類等の提出に際し電子署名が必要かどうか。提出方法が「1 電子での提出のみ」の手続が対象。",
      0.343,
      1,
      [
        "1 電子署名は必要ない",
        "2 一部の書類で電子署名が必要",
        "3 全ての書類で電子署名が必要"
      ]
    ],
    [
      "添付形式等が定められた規定",
      "attr",
      "添付書類等の提出方法及び添付形式等が規定されている文書の種類。撤廃/省略状況が「2〜4」の手続が対象。",
      0.2831,
      1,
      [
        "0 規定はない",
        "1 法令の規定",
        "2 告示等の規定",
        "3 システムの仕様",
        "4 その他"
      ]
    ],
    [
      "手続が行われるイベント(個人)",
      "attr",
      "個人のライフイベント（複数選択可）。妊娠、出生・こども、引越し、就職・転職、結婚・離婚、医療・健康、税金、年金の受給、死亡・相続等。",
      0.5001,
      1,
      null,
      1
    ],
    [
      "手続が行われるイベント(法人)",
      "attr",
      "法人のライフイベント（複数選択可）。法人の設立、情報変更・役員変更、職員の採用・退職、入札・契約、事務所の新設・移転、法人の合併・分割等。",
      0.8923,
      1,
      null,
      1
    ],
    [
      "申請に関連する士業",
      "attr",
      "代理で申請等が可能な士業（複数選択可）。弁護士、司法書士、行政書士、税理士、社会保険労務士等。手続類型が「1 申請等」の手続が対象。",
      0.4767,
      1,
      [
        "士業が介在しない",
        "弁護士",
        "行政書士",
        "税理士",
        "社会保険労務士",
        "弁理士",
        "海事代理士",
        "司法書士",
        "医療系職種",
        "公認会計士",
        "土地家屋調査士",
        "中小企業診断士",
        "その他"
      ],
      1
    ],
    [
      "申請を提出する機関",
      "attr",
      "申請の提出先機関。手続類型が「1 申請等」かつ受け手が「1 国」〜「4-4 国、独立行政法人等又は地方等」の手続が対象。（受け手が独立行政法人等の場合は対象外）",
      0.457,
      1,
      null,
      1
    ]
  ],
  "numeric_stats": {
    "総手続件数": {
      "min": 0,
      "max": 338538154,
      "mean": 85466.64,
      "zero_count": 30661
    },
    "オンライン手続件数": {
      "min": 0,
      "max": 338537374,
      "mean": 103869.29,
      "zero_count": 22630
    },
    "非オンライン手続件数": {
      "min": 0,
      "max": 61745307,
      "mean": 17679.07,
      "zero_count": 37171
    }
  },
  "computed_measures": [
    {
      "id": "オンライン率",
      "type": "float",
      "formula": "count(オンライン化の実施状況 in ['1 実施済']) / count(all)",
      "aggregation": "種類数比率 (該当数/全数)",
      "metrics": [
        "avg"
      ],
      "description": "オンライン化実施済の手続種類数 / 全手続種類数"
    }
  ],
  "quality_summary": {
    "fully_populated": 8,
    "mostly_populated": 9,
    "sparse": 21
  }
}
